I'm sorry, but errors were detected in your script. Please correct the
errors listed below, and try again.


File "game/script.rpy", line 5: expected statement.
    .
    ^

Ren'Py Version: Ren'Py 8.3.7.25031702
Mon Apr 28 18:18:21 2025
